Archive member included to satisfy reference by file (symbol)

c:/progra~2/gnuarm~1/102021~1.07/bin/../lib/gcc/arm-none-eabi/10.3.1/../../../../arm-none-eabi/lib/thumb/v7e-m+fp/hard\libc_nano.a(lib_a-exit.o)
                              c:/progra~2/gnuarm~1/102021~1.07/bin/../lib/gcc/arm-none-eabi/10.3.1/../../../../arm-none-eabi/lib/thumb/v7e-m+fp/hard/crt0.o (exit)
c:/progra~2/gnuarm~1/102021~1.07/bin/../lib/gcc/arm-none-eabi/10.3.1/../../../../arm-none-eabi/lib/thumb/v7e-m+fp/hard\libc_nano.a(lib_a-impure.o)
                              c:/progra~2/gnuarm~1/102021~1.07/bin/../lib/gcc/arm-none-eabi/10.3.1/../../../../arm-none-eabi/lib/thumb/v7e-m+fp/hard\libc_nano.a(lib_a-exit.o) (_global_impure_ptr)
c:/progra~2/gnuarm~1/102021~1.07/bin/../lib/gcc/arm-none-eabi/10.3.1/../../../../arm-none-eabi/lib/thumb/v7e-m+fp/hard\libc_nano.a(lib_a-init.o)
                              c:/progra~2/gnuarm~1/102021~1.07/bin/../lib/gcc/arm-none-eabi/10.3.1/../../../../arm-none-eabi/lib/thumb/v7e-m+fp/hard/crt0.o (__libc_init_array)
c:/progra~2/gnuarm~1/102021~1.07/bin/../lib/gcc/arm-none-eabi/10.3.1/../../../../arm-none-eabi/lib/thumb/v7e-m+fp/hard\libc_nano.a(lib_a-memset.o)
                              c:/progra~2/gnuarm~1/102021~1.07/bin/../lib/gcc/arm-none-eabi/10.3.1/../../../../arm-none-eabi/lib/thumb/v7e-m+fp/hard/crt0.o (memset)
c:/progra~2/gnuarm~1/102021~1.07/bin/../lib/gcc/arm-none-eabi/10.3.1/../../../../arm-none-eabi/lib/thumb/v7e-m+fp/hard\libc_nano.a(lib_a-strcmp.o)
                              CMakeFiles/BSP_F410.out.dir/Src/main.c.obj (strcmp)
c:/progra~2/gnuarm~1/102021~1.07/bin/../lib/gcc/arm-none-eabi/10.3.1/thumb/v7e-m+fp/hard\libgcc.a(_aeabi_uldivmod.o)
                              CMakeFiles/BSP_F410.out.dir/Drivers/STM32F4xx_HAL_Driver/Src/stm32f4xx_hal_rcc.c.obj (__aeabi_uldivmod)
c:/progra~2/gnuarm~1/102021~1.07/bin/../lib/gcc/arm-none-eabi/10.3.1/thumb/v7e-m+fp/hard\libgcc.a(_udivmoddi4.o)
                              c:/progra~2/gnuarm~1/102021~1.07/bin/../lib/gcc/arm-none-eabi/10.3.1/thumb/v7e-m+fp/hard\libgcc.a(_aeabi_uldivmod.o) (__udivmoddi4)
c:/progra~2/gnuarm~1/102021~1.07/bin/../lib/gcc/arm-none-eabi/10.3.1/thumb/v7e-m+fp/hard\libgcc.a(_dvmd_tls.o)
                              c:/progra~2/gnuarm~1/102021~1.07/bin/../lib/gcc/arm-none-eabi/10.3.1/thumb/v7e-m+fp/hard\libgcc.a(_aeabi_uldivmod.o) (__aeabi_ldiv0)

Discarded input sections

 .text          0x00000000        0x0 c:/progra~2/gnuarm~1/102021~1.07/bin/../lib/gcc/arm-none-eabi/10.3.1/thumb/v7e-m+fp/hard/crti.o
 .data          0x00000000        0x0 c:/progra~2/gnuarm~1/102021~1.07/bin/../lib/gcc/arm-none-eabi/10.3.1/thumb/v7e-m+fp/hard/crti.o
 .bss           0x00000000        0x0 c:/progra~2/gnuarm~1/102021~1.07/bin/../lib/gcc/arm-none-eabi/10.3.1/thumb/v7e-m+fp/hard/crti.o
 .data          0x00000000        0x4 c:/progra~2/gnuarm~1/102021~1.07/bin/../lib/gcc/arm-none-eabi/10.3.1/thumb/v7e-m+fp/hard/crtbegin.o
 .rodata        0x00000000       0x24 c:/progra~2/gnuarm~1/102021~1.07/bin/../lib/gcc/arm-none-eabi/10.3.1/thumb/v7e-m+fp/hard/crtbegin.o
 .text          0x00000000       0x7c c:/progra~2/gnuarm~1/102021~1.07/bin/../lib/gcc/arm-none-eabi/10.3.1/../../../../arm-none-eabi/lib/thumb/v7e-m+fp/hard/crt0.o
 .data          0x00000000        0x0 c:/progra~2/gnuarm~1/102021~1.07/bin/../lib/gcc/arm-none-eabi/10.3.1/../../../../arm-none-eabi/lib/thumb/v7e-m+fp/hard/crt0.o
 .bss           0x00000000        0x0 c:/progra~2/gnuarm~1/102021~1.07/bin/../lib/gcc/arm-none-eabi/10.3.1/../../../../arm-none-eabi/lib/thumb/v7e-m+fp/hard/crt0.o
 .ARM.extab     0x00000000        0x0 c:/progra~2/gnuarm~1/102021~1.07/bin/../lib/gcc/arm-none-eabi/10.3.1/../../../../arm-none-eabi/lib/thumb/v7e-m+fp/hard/crt0.o
 .ARM.exidx     0x00000000       0x10 c:/progra~2/gnuarm~1/102021~1.07/bin/../lib/gcc/arm-none-eabi/10.3.1/../../../../arm-none-eabi/lib/thumb/v7e-m+fp/hard/crt0.o
 .ARM.attributes
                0x00000000       0x1c c:/progra~2/gnuarm~1/102021~1.07/bin/../lib/gcc/arm-none-eabi/10.3.1/../../../../arm-none-eabi/lib/thumb/v7e-m+fp/hard/crt0.o
 .text          0x00000000        0x0 CMakeFiles/BSP_F410.out.dir/Src/usart1.cpp.obj
 .data          0x00000000        0x0 CMakeFiles/BSP_F410.out.dir/Src/usart1.cpp.obj
 .bss           0x00000000        0x0 CMakeFiles/BSP_F410.out.dir/Src/usart1.cpp.obj
 .ARM.extab.text.usartInit
                0x00000000        0x0 CMakeFiles/BSP_F410.out.dir/Src/usart1.cpp.obj
 .text.usartSend
                0x00000000       0x38 CMakeFiles/BSP_F410.out.dir/Src/usart1.cpp.obj
 .ARM.extab.text.usartSend
                0x00000000        0x0 CMakeFiles/BSP_F410.out.dir/Src/usart1.cpp.obj
 .ARM.exidx.text.usartSend
                0x00000000        0x8 CMakeFiles/BSP_F410.out.dir/Src/usart1.cpp.obj
 .ARM.extab.text.usartReadString
                0x00000000        0x0 CMakeFiles/BSP_F410.out.dir/Src/usart1.cpp.obj
 .ARM.extab.text.usartSendString
[...]
Memory Configuration

Name             Origin             Length             Attributes
RAM              0x20000000         0x00008000         xrw
FLASH            0x08000000         0x00020000         xr
*default*        0x00000000         0xffffffff

Linker script and memory map

LOAD c:/progra~2/gnuarm~1/102021~1.07/bin/../lib/gcc/arm-none-eabi/10.3.1/thumb/v7e-m+fp/hard/crti.o
LOAD c:/progra~2/gnuarm~1/102021~1.07/bin/../lib/gcc/arm-none-eabi/10.3.1/thumb/v7e-m+fp/hard/crtbegin.o
LOAD c:/progra~2/gnuarm~1/102021~1.07/bin/../lib/gcc/arm-none-eabi/10.3.1/../../../../arm-none-eabi/lib/thumb/v7e-m+fp/hard/crt0.o
LOAD c:/progra~2/gnuarm~1/102021~1.07/bin/../lib/gcc/arm-none-eabi/10.3.1/../../../../arm-none-eabi/lib/thumb/v7e-m+fp/hard\libnosys.a
LOAD CMakeFiles/BSP_F410.out.dir/Src/usart1.cpp.obj
LOAD CMakeFiles/BSP_F410.out.dir/Drivers/STM32F4xx_HAL_Driver/Src/stm32f4xx_hal.c.obj
LOAD CMakeFiles/BSP_F410.out.dir/Drivers/STM32F4xx_HAL_Driver/Src/stm32f4xx_hal_rcc.c.obj
LOAD CMakeFiles/BSP_F410.out.dir/Drivers/STM32F4xx_HAL_Driver/Src/stm32f4xx_hal_gpio.c.obj
LOAD CMakeFiles/BSP_F410.out.dir/Drivers/STM32F4xx_HAL_Driver/Src/stm32f4xx_hal_exti.c.obj
LOAD CMakeFiles/BSP_F410.out.dir/Drivers/STM32F4xx_HAL_Driver/Src/stm32f4xx_hal_dma.c.obj
LOAD CMakeFiles/BSP_F410.out.dir/Drivers/STM32F4xx_HAL_Driver/Src/stm32f4xx_hal_cortex.c.obj
LOAD CMakeFiles/BSP_F410.out.dir/Drivers/STM32F4xx_HAL_Driver/Src/stm32f4xx_hal_flash.c.obj
LOAD CMakeFiles/BSP_F410.out.dir/Drivers/STM32F4xx_HAL_Driver/Src/stm32f4xx_hal_pwr.c.obj
LOAD CMakeFiles/BSP_F410.out.dir/Src/main.c.obj
LOAD CMakeFiles/BSP_F410.out.dir/Src/stm32f4xx_hal_msp.c.obj
LOAD CMakeFiles/BSP_F410.out.dir/Src/stm32f4xx_it.c.obj
LOAD CMakeFiles/BSP_F410.out.dir/Src/system_stm32f4xx.c.obj
LOAD CMakeFiles/BSP_F410.out.dir/startup_stm32f410rx.s.obj
LOAD c:/progra~2/gnuarm~1/102021~1.07/bin/../lib/gcc/arm-none-eabi/10.3.1/../../../../arm-none-eabi/lib/thumb/v7e-m+fp/hard\libstdc++_nano.a
LOAD c:/progra~2/gnuarm~1/102021~1.07/bin/../lib/gcc/arm-none-eabi/10.3.1/../../../../arm-none-eabi/lib/thumb/v7e-m+fp/hard\libm.a
LOAD c:/progra~2/gnuarm~1/102021~1.07/bin/../lib/gcc/arm-none-eabi/10.3.1/../../../../arm-none-eabi/lib/thumb/v7e-m+fp/hard\libc_nano.a
START GROUP
LOAD c:/progra~2/gnuarm~1/102021~1.07/bin/../lib/gcc/arm-none-eabi/10.3.1/thumb/v7e-m+fp/hard\libgcc.a
LOAD c:/progra~2/gnuarm~1/102021~1.07/bin/../lib/gcc/arm-none-eabi/10.3.1/../../../../arm-none-eabi/lib/thumb/v7e-m+fp/hard\libg_nano.a
LOAD c:/progra~2/gnuarm~1/102021~1.07/bin/../lib/gcc/arm-none-eabi/10.3.1/../../../../arm-none-eabi/lib/thumb/v7e-m+fp/hard\libc_nano.a
END GROUP
START GROUP
LOAD c:/progra~2/gnuarm~1/102021~1.07/bin/../lib/gcc/arm-none-eabi/10.3.1/thumb/v7e-m+fp/hard\libgcc.a
LOAD c:/progra~2/gnuarm~1/102021~1.07/bin/../lib/gcc/arm-none-eabi/10.3.1/../../../../arm-none-eabi/lib/thumb/v7e-m+fp/hard\libc_nano.a
END GROUP
LOAD c:/progra~2/gnuarm~1/102021~1.07/bin/../lib/gcc/arm-none-eabi/10.3.1/thumb/v7e-m+fp/hard/crtend.o
LOAD c:/progra~2/gnuarm~1/102021~1.07/bin/../lib/gcc/arm-none-eabi/10.3.1/thumb/v7e-m+fp/hard/crtn.o
                0x20008000                _estack = (ORIGIN (RAM) + LENGTH (RAM))
                0x00000200                _Min_Heap_Size = 0x200
                0x00000400                _Min_Stack_Size = 0x400

.isr_vector     0x08000000      0x1c8
                0x08000000                . = ALIGN (0x4)
 *(.isr_vector)
 .isr_vector    0x08000000      0x1c8 CMakeFiles/BSP_F410.out.dir/startup_stm32f410rx.s.obj
                0x08000000                g_pfnVectors
                0x080001c8                . = ALIGN (0x4)

.text           0x080001c8     0x11a4
                0x080001c8                . = ALIGN (0x4)
 *(.text)
 .text          0x080001c8       0x40 c:/progra~2/gnuarm~1/102021~1.07/bin/../lib/gcc/arm-none-eabi/10.3.1/thumb/v7e-m+fp/hard/crtbegin.o
 .text          0x08000208       0x14 c:/progra~2/gnuarm~1/102021~1.07/bin/../lib/gcc/arm-none-eabi/10.3.1/../../../../arm-none-eabi/lib/thumb/v7e-m+fp/hard\libc_nano.a(lib_a-strcmp.o)
                0x08000208                strcmp
 .text          0x0800021c       0x30 c:/progra~2/gnuarm~1/102021~1.07/bin/../lib/gcc/arm-none-eabi/10.3.1/thumb/v7e-m+fp/hard\libgcc.a(_aeabi_uldivmod.o)
                0x0800021c                __aeabi_uldivmod
 .text          0x0800024c      0x2d0 c:/progra~2/gnuarm~1/102021~1.07/bin/../lib/gcc/arm-none-eabi/10.3.1/thumb/v7e-m+fp/hard\libgcc.a(_udivmoddi4.o)
                0x0800024c                __udivmoddi4
 .text          0x0800051c        0x4 c:/progra~2/gnuarm~1/102021~1.07/bin/../lib/gcc/arm-none-eabi/10.3.1/thumb/v7e-m+fp/hard\libgcc.a(_dvmd_tls.o)
                0x0800051c                __aeabi_idiv0
                0x0800051c                __aeabi_ldiv0
 *(.text*)
 .text.usartInit
                0x08000520       0x9c CMakeFiles/BSP_F410.out.dir/Src/usart1.cpp.obj
                0x08000520                usartInit
 .text.usartReadString
                0x080005bc       0x58 CMakeFiles/BSP_F410.out.dir/Src/usart1.cpp.obj
                0x080005bc                usartReadString
 .text.usartSendString
                0x08000614       0x3c CMakeFiles/BSP_F410.out.dir/Src/usart1.cpp.obj
                0x08000614                usartSendString
 .text.HAL_InitTick
                0x08000650       0x4c CMakeFiles/BSP_F410.out.dir/Drivers/STM32F4xx_HAL_Driver/Src/stm32f4xx_hal.c.obj
                0x08000650                HAL_InitTick
 .text.HAL_Init
                0x0800069c       0x34 CMakeFiles/BSP_F410.out.dir/Drivers/STM32F4xx_HAL_Driver/Src/stm32f4xx_hal.c.obj
                0x0800069c                HAL_Init
 .text.HAL_IncTick
                0x080006d0       0x18 CMakeFiles/BSP_F410.out.dir/Drivers/STM32F4xx_HAL_Driver/Src/stm32f4xx_hal.c.obj
                0x080006d0                HAL_IncTick
 .text.HAL_GetTick
                0x080006e8        0xc CMakeFiles/BSP_F410.out.dir/Drivers/STM32F4xx_HAL_Driver/Src/stm32f4xx_hal.c.obj
                0x080006e8                HAL_GetTick
 .text.HAL_RCC_OscConfig
                0x080006f4      0x408 CMakeFiles/BSP_F410.out.dir/Drivers/STM32F4xx_HAL_Driver/Src/stm32f4xx_hal_rcc.c.obj
                0x080006f4                HAL_RCC_OscConfig
 .text.HAL_RCC_GetSysClockFreq
                0x08000afc       0xd4 CMakeFiles/BSP_F410.out.dir/Drivers/STM32F4xx_HAL_Driver/Src/stm32f4xx_hal_rcc.c.obj
                0x08000afc                HAL_RCC_GetSysClockFreq
 .text.HAL_RCC_ClockConfig
                0x08000bd0      0x160 CMakeFiles/BSP_F410.out.dir/Drivers/STM32F4xx_HAL_Driver/Src/stm32f4xx_hal_rcc.c.obj
                0x08000bd0                HAL_RCC_ClockConfig
 .text.HAL_GPIO_Init
                0x08000d30      0x1a8 CMakeFiles/BSP_F410.out.dir/Drivers/STM32F4xx_HAL_Driver/Src/stm32f4xx_hal_gpio.c.obj
                0x08000d30                HAL_GPIO_Init
 .text.HAL_GPIO_WritePin
                0x08000ed8        0xc CMakeFiles/BSP_F410.out.dir/Drivers/STM32F4xx_HAL_Driver/Src/stm32f4xx_hal_gpio.c.obj
                0x08000ed8                HAL_GPIO_WritePin
 .text.HAL_NVIC_SetPriorityGrouping
                0x08000ee4       0x24 CMakeFiles/BSP_F410.out.dir/Drivers/STM32F4xx_HAL_Driver/Src/stm32f4xx_hal_cortex.c.obj
                0x08000ee4                HAL_NVIC_SetPriorityGrouping
 .text.HAL_NVIC_SetPriority
                0x08000f08       0x70 CMakeFiles/BSP_F410.out.dir/Drivers/STM32F4xx_HAL_Driver/Src/stm32f4xx_hal_cortex.c.obj
                0x08000f08                HAL_NVIC_SetPriority
 .text.HAL_SYSTICK_Config
                0x08000f78       0x28 CMakeFiles/BSP_F410.out.dir/Drivers/STM32F4xx_HAL_Driver/Src/stm32f4xx_hal_cortex.c.obj
                0x08000f78                HAL_SYSTICK_Config
 .text.MX_GPIO_Init
                0x08000fa0       0xa8 CMakeFiles/BSP_F410.out.dir/Src/main.c.obj
 .text.Error_Handler
                0x08001048        0x4 CMakeFiles/BSP_F410.out.dir/Src/main.c.obj
                0x08001048                Error_Handler
 .text.SystemClock_Config
                0x0800104c       0xa0 CMakeFiles/BSP_F410.out.dir/Src/main.c.obj
                0x0800104c                SystemClock_Config
 .text.main     0x080010ec      0x12c CMakeFiles/BSP_F410.out.dir/Src/main.c.obj
                0x080010ec                main
 .text.HAL_MspInit
                0x08001218       0x40 CMakeFiles/BSP_F410.out.dir/Src/stm32f4xx_hal_msp.c.obj
                0x08001218                HAL_MspInit
 .text.NMI_Handler
                0x08001258        0x2 CMakeFiles/BSP_F410.out.dir/Src/stm32f4xx_it.c.obj
                0x08001258                NMI_Handler
 .text.HardFault_Handler
                0x0800125a        0x2 CMakeFiles/BSP_F410.out.dir/Src/stm32f4xx_it.c.obj
                0x0800125a                HardFault_Handler
 .text.MemManage_Handler
                0x0800125c        0x2 CMakeFiles/BSP_F410.out.dir/Src/stm32f4xx_it.c.obj
                0x0800125c                MemManage_Handler
 .text.BusFault_Handler
                0x0800125e        0x2 CMakeFiles/BSP_F410.out.dir/Src/stm32f4xx_it.c.obj
                0x0800125e                BusFault_Handler
 .text.UsageFault_Handler
                0x08001260        0x2 CMakeFiles/BSP_F410.out.dir/Src/stm32f4xx_it.c.obj
                0x08001260                UsageFault_Handler
 .text.SVC_Handler
                0x08001262        0x2 CMakeFiles/BSP_F410.out.dir/Src/stm32f4xx_it.c.obj
                0x08001262                SVC_Handler
 .text.DebugMon_Handler
                0x08001264        0x2 CMakeFiles/BSP_F410.out.dir/Src/stm32f4xx_it.c.obj
                0x08001264                DebugMon_Handler
 .text.PendSV_Handler
                0x08001266        0x2 CMakeFiles/BSP_F410.out.dir/Src/stm32f4xx_it.c.obj
                0x08001266                PendSV_Handler
 .text.SysTick_Handler
                0x08001268       0x2c CMakeFiles/BSP_F410.out.dir/Src/stm32f4xx_it.c.obj
                0x08001268                SysTick_Handler
 .text.SystemInit
                0x08001294       0x14 CMakeFiles/BSP_F410.out.dir/Src/system_stm32f4xx.c.obj
                0x08001294                SystemInit
 .text.Reset_Handler
                0x080012a8       0x50 CMakeFiles/BSP_F410.out.dir/startup_stm32f410rx.s.obj
                0x080012a8                Reset_Handler
 .text.Default_Handler
                0x080012f8        0x2 CMakeFiles/BSP_F410.out.dir/startup_stm32f410rx.s.obj
                0x080012f8                RTC_Alarm_IRQHandler
                0x080012f8                EXTI2_IRQHandler
                0x080012f8                FMPI2C1_EV_IRQHandler
                0x080012f8                TIM1_CC_IRQHandler
                0x080012f8                DMA2_Stream5_IRQHandler
                0x080012f8                DMA1_Stream5_IRQHandler
                0x080012f8                PVD_IRQHandler
                0x080012f8                TAMP_STAMP_IRQHandler
                0x080012f8                EXTI3_IRQHandler
                0x080012f8                EXTI0_IRQHandler
                0x080012f8                I2C2_EV_IRQHandler
                0x080012f8                DMA1_Stream2_IRQHandler
                0x080012f8                FPU_IRQHandler
                0x080012f8                DMA2_Stream2_IRQHandler
                0x080012f8                SPI1_IRQHandler
                0x080012f8                TIM6_DAC_IRQHandler
                0x080012f8                TIM1_BRK_TIM9_IRQHandler
                0x080012f8                DMA2_Stream3_IRQHandler
                0x080012f8                USART6_IRQHandler
                0x080012f8                DMA2_Stream0_IRQHandler
                0x080012f8                I2C1_EV_IRQHandler
                0x080012f8                DMA1_Stream6_IRQHandler
                0x080012f8                DMA1_Stream1_IRQHandler
                0x080012f8                RCC_IRQHandler
                0x080012f8                Default_Handler
                0x080012f8                EXTI15_10_IRQHandler
                0x080012f8                ADC_IRQHandler
                0x080012f8                DMA1_Stream7_IRQHandler
                0x080012f8                SPI5_IRQHandler
                0x080012f8                TIM5_IRQHandler
                0x080012f8                DMA2_Stream7_IRQHandler
                0x080012f8                EXTI9_5_IRQHandler
                0x080012f8                RTC_WKUP_IRQHandler
                0x080012f8                SPI2_IRQHandler
                0x080012f8                DMA1_Stream0_IRQHandler
                0x080012f8                FMPI2C1_ER_IRQHandler
                0x080012f8                EXTI4_IRQHandler
                0x080012f8                RNG_IRQHandler
                0x080012f8                TIM1_UP_IRQHandler
                0x080012f8                WWDG_IRQHandler
                0x080012f8                TIM1_TRG_COM_TIM11_IRQHandler
                0x080012f8                EXTI1_IRQHandler
                0x080012f8                USART2_IRQHandler
                0x080012f8                I2C2_ER_IRQHandler
                0x080012f8                DMA2_Stream1_IRQHandler
                0x080012f8                FLASH_IRQHandler
                0x080012f8                DMA2_Stream4_IRQHandler
                0x080012f8                USART1_IRQHandler
                0x080012f8                DMA1_Stream4_IRQHandler
                0x080012f8                I2C1_ER_IRQHandler
                0x080012f8                LPTIM1_IRQHandler
                0x080012f8                DMA2_Stream6_IRQHandler
                0x080012f8                DMA1_Stream3_IRQHandler
 *fill*         0x080012fa        0x2 
 .text.__libc_init_array
                0x080012fc       0x48 c:/progra~2/gnuarm~1/102021~1.07/bin/../lib/gcc/arm-none-eabi/10.3.1/../../../../arm-none-eabi/lib/thumb/v7e-m+fp/hard\libc_nano.a(lib_a-init.o)
                0x080012fc                __libc_init_array
 .text.memset   0x08001344       0x10 c:/progra~2/gnuarm~1/102021~1.07/bin/../lib/gcc/arm-none-eabi/10.3.1/../../../../arm-none-eabi/lib/thumb/v7e-m+fp/hard\libc_nano.a(lib_a-memset.o)
                0x08001344                memset
 *(.glue_7)
 .glue_7        0x08001354        0x0 linker stubs
 *(.glue_7t)
 .glue_7t       0x08001354        0x0 linker stubs
 *(.eh_frame)
 .eh_frame      0x08001354        0x0 c:/progra~2/gnuarm~1/102021~1.07/bin/../lib/gcc/arm-none-eabi/10.3.1/thumb/v7e-m+fp/hard/crtbegin.o
 *(.init)
 .init          0x08001354        0x4 c:/progra~2/gnuarm~1/102021~1.07/bin/../lib/gcc/arm-none-eabi/10.3.1/thumb/v7e-m+fp/hard/crti.o
                0x08001354                _init
 .init          0x08001358        0x8 c:/progra~2/gnuarm~1/102021~1.07/bin/../lib/gcc/arm-none-eabi/10.3.1/thumb/v7e-m+fp/hard/crtn.o
 *(.fini)
 .fini          0x08001360        0x4 c:/progra~2/gnuarm~1/102021~1.07/bin/../lib/gcc/arm-none-eabi/10.3.1/thumb/v7e-m+fp/hard/crti.o
                0x08001360                _fini
 .fini          0x08001364        0x8 c:/progra~2/gnuarm~1/102021~1.07/bin/../lib/gcc/arm-none-eabi/10.3.1/thumb/v7e-m+fp/hard/crtn.o
                0x0800136c                . = ALIGN (0x4)
                0x0800136c                _etext = .

.vfp11_veneer   0x0800136c        0x0
 .vfp11_veneer  0x0800136c        0x0 linker stubs

.v4_bx          0x0800136c        0x0
 .v4_bx         0x0800136c        0x0 linker stubs

.iplt           0x0800136c        0x0
 .iplt          0x0800136c        0x0 c:/progra~2/gnuarm~1/102021~1.07/bin/../lib/gcc/arm-none-eabi/10.3.1/thumb/v7e-m+fp/hard/crtbegin.o

.rodata         0x0800136c       0x38
                0x0800136c                . = ALIGN (0x4)
 *(.rodata)
 *(.rodata*)
 .rodata.main.str1.4
                0x0800136c       0x27 CMakeFiles/BSP_F410.out.dir/Src/main.c.obj
 *fill*         0x08001393        0x1 
 .rodata.AHBPrescTable
                0x08001394       0x10 CMakeFiles/BSP_F410.out.dir/Src/system_stm32f4xx.c.obj
                0x08001394                AHBPrescTable
                0x080013a4                . = ALIGN (0x4)

.ARM.extab
 *(.ARM.extab* .gnu.linkonce.armextab.*)

.ARM            0x080013a4        0x8
                0x080013a4                __exidx_start = .
 *(.ARM.exidx*)
 .ARM.exidx.text.usartInit
                0x080013ac        0x0 CMakeFiles/BSP_F410.out.dir/Src/usart1.cpp.obj
                                  0x8 (size before relaxing)
 .ARM.exidx.text.usartReadString
                0x080013ac        0x0 CMakeFiles/BSP_F410.out.dir/Src/usart1.cpp.obj
                                  0x8 (size before relaxing)
 .ARM.exidx.text.usartSendString
                0x080013ac        0x0 CMakeFiles/BSP_F410.out.dir/Src/usart1.cpp.obj
                                  0x8 (size before relaxing)
 .ARM.exidx     0x080013a4        0x8 c:/progra~2/gnuarm~1/102021~1.07/bin/../lib/gcc/arm-none-eabi/10.3.1/thumb/v7e-m+fp/hard\libgcc.a(_udivmoddi4.o)
                0x080013ac                __exidx_end = .

.rel.dyn        0x080013ac        0x0
 .rel.iplt      0x080013ac        0x0 c:/progra~2/gnuarm~1/102021~1.07/bin/../lib/gcc/arm-none-eabi/10.3.1/thumb/v7e-m+fp/hard/crtbegin.o

.preinit_array  0x080013ac        0x0
                0x080013ac                PROVIDE (__preinit_array_start = .)
 *(.preinit_array*)
                0x080013ac                PROVIDE (__preinit_array_end = .)

.init_array     0x080013ac        0x4
                0x080013ac                PROVIDE (__init_array_start = .)
 *(SORT_BY_NAME(.init_array.*))
 *(.init_array*)
 .init_array    0x080013ac        0x4 c:/progra~2/gnuarm~1/102021~1.07/bin/../lib/gcc/arm-none-eabi/10.3.1/thumb/v7e-m+fp/hard/crtbegin.o
                0x080013b0                PROVIDE (__init_array_end = .)

.fini_array     0x080013b0        0x4
                [!provide]                PROVIDE (__fini_array_start = .)
 *(SORT_BY_NAME(.fini_array.*))
 *(.fini_array*)
 .fini_array    0x080013b0        0x4 c:/progra~2/gnuarm~1/102021~1.07/bin/../lib/gcc/arm-none-eabi/10.3.1/thumb/v7e-m+fp/hard/crtbegin.o
                [!provide]                PROVIDE (__fini_array_end = .)
                0x080013b4                _sidata = LOADADDR (.data)

.data           0x20000000        0xc load address 0x080013b4
                0x20000000                . = ALIGN (0x4)
                0x20000000                _sdata = .
 *(.data)
 *(.data*)
 .data.uwTickFreq
                0x20000000        0x1 CMakeFiles/BSP_F410.out.dir/Drivers/STM32F4xx_HAL_Driver/Src/stm32f4xx_hal.c.obj
                0x20000000                uwTickFreq
 *fill*         0x20000001        0x3 
 .data.uwTickPrio
                0x20000004        0x4 CMakeFiles/BSP_F410.out.dir/Drivers/STM32F4xx_HAL_Driver/Src/stm32f4xx_hal.c.obj
                0x20000004                uwTickPrio
 .data.SystemCoreClock
                0x20000008        0x4 CMakeFiles/BSP_F410.out.dir/Src/system_stm32f4xx.c.obj
                0x20000008                SystemCoreClock
                0x2000000c                . = ALIGN (0x4)
                0x2000000c                _edata = .

.igot.plt       0x2000000c        0x0 load address 0x080013c0
 .igot.plt      0x2000000c        0x0 c:/progra~2/gnuarm~1/102021~1.07/bin/../lib/gcc/arm-none-eabi/10.3.1/thumb/v7e-m+fp/hard/crtbegin.o
                0x2000000c                . = ALIGN (0x4)

.bss            0x2000000c       0x28 load address 0x080013c0
                0x2000000c                _sbss = .
                0x2000000c                __bss_start__ = _sbss
 *(.bss)
 .bss           0x2000000c       0x1c c:/progra~2/gnuarm~1/102021~1.07/bin/../lib/gcc/arm-none-eabi/10.3.1/thumb/v7e-m+fp/hard/crtbegin.o
 *(.bss*)
 .bss.uwTick    0x20000028        0x4 CMakeFiles/BSP_F410.out.dir/Drivers/STM32F4xx_HAL_Driver/Src/stm32f4xx_hal.c.obj
                0x20000028                uwTick
 .bss.ledFlag   0x2000002c        0x4 CMakeFiles/BSP_F410.out.dir/Src/main.c.obj
                0x2000002c                ledFlag
 .bss.count.0   0x20000030        0x4 CMakeFiles/BSP_F410.out.dir/Src/stm32f4xx_it.c.obj
 *(COMMON)
                0x20000034                . = ALIGN (0x4)
                0x20000034                _ebss = .
                0x20000034                __bss_end__ = _ebss

._user_heap_stack
                0x20000034      0x604 load address 0x080013c0
                0x20000038                . = ALIGN (0x8)
 *fill*         0x20000034        0x4 
                [!provide]                PROVIDE (end = .)
                [!provide]                PROVIDE (_end = .)
                0x20000238                . = (. + _Min_Heap_Size)
 *fill*         0x20000038      0x200 
                0x20000638                . = (. + _Min_Stack_Size)
 *fill*         0x20000238      0x400 
                0x20000638                . = ALIGN (0x8)

/DISCARD/
 libc.a(*)
 libm.a(*)
 libgcc.a(*)

.ARM.attributes
                0x00000000       0x30
 *(.ARM.attributes)
 .ARM.attributes
                0x00000000       0x1e c:/progra~2/gnuarm~1/102021~1.07/bin/../lib/gcc/arm-none-eabi/10.3.1/thumb/v7e-m+fp/hard/crti.o
 .ARM.attributes
                0x0000001e       0x34 c:/progra~2/gnuarm~1/102021~1.07/bin/../lib/gcc/arm-none-eabi/10.3.1/thumb/v7e-m+fp/hard/crtbegin.o
 .ARM.attributes
                0x00000052       0x34 CMakeFiles/BSP_F410.out.dir/Src/usart1.cpp.obj
 .ARM.attributes
                0x00000086       0x34 CMakeFiles/BSP_F410.out.dir/Drivers/STM32F4xx_HAL_Driver/Src/stm32f4xx_hal.c.obj
 .ARM.attributes
                0x000000ba       0x34 CMakeFiles/BSP_F410.out.dir/Drivers/STM32F4xx_HAL_Driver/Src/stm32f4xx_hal_rcc.c.obj
 .ARM.attributes
                0x000000ee       0x34 CMakeFiles/BSP_F410.out.dir/Drivers/STM32F4xx_HAL_Driver/Src/stm32f4xx_hal_gpio.c.obj
 .ARM.attributes
                0x00000122       0x34 CMakeFiles/BSP_F410.out.dir/Drivers/STM32F4xx_HAL_Driver/Src/stm32f4xx_hal_cortex.c.obj
 .ARM.attributes
                0x00000156       0x34 CMakeFiles/BSP_F410.out.dir/Src/main.c.obj
 .ARM.attributes
                0x0000018a       0x34 CMakeFiles/BSP_F410.out.dir/Src/stm32f4xx_hal_msp.c.obj
 .ARM.attributes
                0x000001be       0x34 CMakeFiles/BSP_F410.out.dir/Src/stm32f4xx_it.c.obj
 .ARM.attributes
                0x000001f2       0x34 CMakeFiles/BSP_F410.out.dir/Src/system_stm32f4xx.c.obj
 .ARM.attributes
                0x00000226       0x21 CMakeFiles/BSP_F410.out.dir/startup_stm32f410rx.s.obj
 .ARM.attributes
                0x00000247       0x34 c:/progra~2/gnuarm~1/102021~1.07/bin/../lib/gcc/arm-none-eabi/10.3.1/../../../../arm-none-eabi/lib/thumb/v7e-m+fp/hard\libc_nano.a(lib_a-init.o)
 .ARM.attributes
                0x0000027b       0x34 c:/progra~2/gnuarm~1/102021~1.07/bin/../lib/gcc/arm-none-eabi/10.3.1/../../../../arm-none-eabi/lib/thumb/v7e-m+fp/hard\libc_nano.a(lib_a-memset.o)
 .ARM.attributes
                0x000002af       0x1c c:/progra~2/gnuarm~1/102021~1.07/bin/../lib/gcc/arm-none-eabi/10.3.1/../../../../arm-none-eabi/lib/thumb/v7e-m+fp/hard\libc_nano.a(lib_a-strcmp.o)
 .ARM.attributes
                0x000002cb       0x1e c:/progra~2/gnuarm~1/102021~1.07/bin/../lib/gcc/arm-none-eabi/10.3.1/thumb/v7e-m+fp/hard\libgcc.a(_aeabi_uldivmod.o)
 .ARM.attributes
                0x000002e9       0x34 c:/progra~2/gnuarm~1/102021~1.07/bin/../lib/gcc/arm-none-eabi/10.3.1/thumb/v7e-m+fp/hard\libgcc.a(_udivmoddi4.o)
 .ARM.attributes
                0x0000031d       0x1e c:/progra~2/gnuarm~1/102021~1.07/bin/../lib/gcc/arm-none-eabi/10.3.1/thumb/v7e-m+fp/hard\libgcc.a(_dvmd_tls.o)
 .ARM.attributes
                0x0000033b       0x1e c:/progra~2/gnuarm~1/102021~1.07/bin/../lib/gcc/arm-none-eabi/10.3.1/thumb/v7e-m+fp/hard/crtn.o
OUTPUT(BSP_F410.out elf32-littlearm)
LOAD linker stubs
LOAD c:/progra~2/gnuarm~1/102021~1.07/bin/../lib/gcc/arm-none-eabi/10.3.1/../../../../arm-none-eabi/lib/thumb/v7e-m+fp/hard\libc.a
LOAD c:/progra~2/gnuarm~1/102021~1.07/bin/../lib/gcc/arm-none-eabi/10.3.1/../../../../arm-none-eabi/lib/thumb/v7e-m+fp/hard\libm.a
LOAD c:/progra~2/gnuarm~1/102021~1.07/bin/../lib/gcc/arm-none-eabi/10.3.1/thumb/v7e-m+fp/hard\libgcc.a

.debug_info     0x00000000     0x4405
 .debug_info    0x00000000      0x50b CMakeFiles/BSP_F410.out.dir/Src/usart1.cpp.obj
 .debug_info    0x0000050b      0x922 CMakeFiles/BSP_F410.out.dir/Drivers/STM32F4xx_HAL_Driver/Src/stm32f4xx_hal.c.obj
 .debug_info    0x00000e2d      0xaf6 CMakeFiles/BSP_F410.out.dir/Drivers/STM32F4xx_HAL_Driver/Src/stm32f4xx_hal_rcc.c.obj
 .debug_info    0x00001923      0x7b0 CMakeFiles/BSP_F410.out.dir/Drivers/STM32F4xx_HAL_Driver/Src/stm32f4xx_hal_gpio.c.obj
 .debug_info    0x000020d3      0xfea CMakeFiles/BSP_F410.out.dir/Drivers/STM32F4xx_HAL_Driver/Src/stm32f4xx_hal_cortex.c.obj
 .debug_info    0x000030bd      0xa08 CMakeFiles/BSP_F410.out.dir/Src/main.c.obj
 .debug_info    0x00003ac5      0x2ae CMakeFiles/BSP_F410.out.dir/Src/stm32f4xx_hal_msp.c.obj
 .debug_info    0x00003d73      0x152 CMakeFiles/BSP_F410.out.dir/Src/stm32f4xx_it.c.obj
 .debug_info    0x00003ec5      0x51e CMakeFiles/BSP_F410.out.dir/Src/system_stm32f4xx.c.obj
 .debug_info    0x000043e3       0x22 CMakeFiles/BSP_F410.out.dir/startup_stm32f410rx.s.obj

.debug_abbrev   0x00000000     0x10b8
 .debug_abbrev  0x00000000      0x182 CMakeFiles/BSP_F410.out.dir/Src/usart1.cpp.obj
 .debug_abbrev  0x00000182      0x237 CMakeFiles/BSP_F410.out.dir/Drivers/STM32F4xx_HAL_Driver/Src/stm32f4xx_hal.c.obj
 .debug_abbrev  0x000003b9      0x28a CMakeFiles/BSP_F410.out.dir/Drivers/STM32F4xx_HAL_Driver/Src/stm32f4xx_hal_rcc.c.obj
 .debug_abbrev  0x00000643      0x1ef CMakeFiles/BSP_F410.out.dir/Drivers/STM32F4xx_HAL_Driver/Src/stm32f4xx_hal_gpio.c.obj
 .debug_abbrev  0x00000832      0x36a CMakeFiles/BSP_F410.out.dir/Drivers/STM32F4xx_HAL_Driver/Src/stm32f4xx_hal_cortex.c.obj
 .debug_abbrev  0x00000b9c      0x254 CMakeFiles/BSP_F410.out.dir/Src/main.c.obj
 .debug_abbrev  0x00000df0       0xf4 CMakeFiles/BSP_F410.out.dir/Src/stm32f4xx_hal_msp.c.obj
 .debug_abbrev  0x00000ee4       0xa9 CMakeFiles/BSP_F410.out.dir/Src/stm32f4xx_it.c.obj
 .debug_abbrev  0x00000f8d      0x119 CMakeFiles/BSP_F410.out.dir/Src/system_stm32f4xx.c.obj
 .debug_abbrev  0x000010a6       0x12 CMakeFiles/BSP_F410.out.dir/startup_stm32f410rx.s.obj

.debug_loc      0x00000000     0x175c
 .debug_loc     0x00000000      0x1f5 CMakeFiles/BSP_F410.out.dir/Src/usart1.cpp.obj
 .debug_loc     0x000001f5      0x141 CMakeFiles/BSP_F410.out.dir/Drivers/STM32F4xx_HAL_Driver/Src/stm32f4xx_hal.c.obj
 .debug_loc     0x00000336      0x58c CMakeFiles/BSP_F410.out.dir/Drivers/STM32F4xx_HAL_Driver/Src/stm32f4xx_hal_rcc.c.obj
 .debug_loc     0x000008c2      0x50f CMakeFiles/BSP_F410.out.dir/Drivers/STM32F4xx_HAL_Driver/Src/stm32f4xx_hal_gpio.c.obj
 .debug_loc     0x00000dd1      0x744 CMakeFiles/BSP_F410.out.dir/Drivers/STM32F4xx_HAL_Driver/Src/stm32f4xx_hal_cortex.c.obj
 .debug_loc     0x00001515       0xef CMakeFiles/BSP_F410.out.dir/Src/main.c.obj
 .debug_loc     0x00001604      0x158 CMakeFiles/BSP_F410.out.dir/Src/system_stm32f4xx.c.obj

.debug_aranges  0x00000000      0x3b8
 .debug_aranges
                0x00000000       0x38 CMakeFiles/BSP_F410.out.dir/Src/usart1.cpp.obj
 .debug_aranges
                0x00000038       0xf0 CMakeFiles/BSP_F410.out.dir/Drivers/STM32F4xx_HAL_Driver/Src/stm32f4xx_hal.c.obj
 .debug_aranges
                0x00000128       0x88 CMakeFiles/BSP_F410.out.dir/Drivers/STM32F4xx_HAL_Driver/Src/stm32f4xx_hal_rcc.c.obj
 .debug_aranges
                0x000001b0       0x58 CMakeFiles/BSP_F410.out.dir/Drivers/STM32F4xx_HAL_Driver/Src/stm32f4xx_hal_gpio.c.obj
 .debug_aranges
                0x00000208       0xa8 CMakeFiles/BSP_F410.out.dir/Drivers/STM32F4xx_HAL_Driver/Src/stm32f4xx_hal_cortex.c.obj
 .debug_aranges
                0x000002b0       0x38 CMakeFiles/BSP_F410.out.dir/Src/main.c.obj
 .debug_aranges
                0x000002e8       0x20 CMakeFiles/BSP_F410.out.dir/Src/stm32f4xx_hal_msp.c.obj
 .debug_aranges
                0x00000308       0x60 CMakeFiles/BSP_F410.out.dir/Src/stm32f4xx_it.c.obj
 .debug_aranges
                0x00000368       0x28 CMakeFiles/BSP_F410.out.dir/Src/system_stm32f4xx.c.obj
 .debug_aranges
                0x00000390       0x28 CMakeFiles/BSP_F410.out.dir/startup_stm32f410rx.s.obj

.debug_ranges   0x00000000      0x3b0
 .debug_ranges  0x00000000       0x28 CMakeFiles/BSP_F410.out.dir/Src/usart1.cpp.obj
 .debug_ranges  0x00000028       0xe0 CMakeFiles/BSP_F410.out.dir/Drivers/STM32F4xx_HAL_Driver/Src/stm32f4xx_hal.c.obj
 .debug_ranges  0x00000108       0x90 CMakeFiles/BSP_F410.out.dir/Drivers/STM32F4xx_HAL_Driver/Src/stm32f4xx_hal_rcc.c.obj
 .debug_ranges  0x00000198       0x48 CMakeFiles/BSP_F410.out.dir/Drivers/STM32F4xx_HAL_Driver/Src/stm32f4xx_hal_gpio.c.obj
 .debug_ranges  0x000001e0       0xf8 CMakeFiles/BSP_F410.out.dir/Drivers/STM32F4xx_HAL_Driver/Src/stm32f4xx_hal_cortex.c.obj
 .debug_ranges  0x000002d8       0x40 CMakeFiles/BSP_F410.out.dir/Src/main.c.obj
 .debug_ranges  0x00000318       0x10 CMakeFiles/BSP_F410.out.dir/Src/stm32f4xx_hal_msp.c.obj
 .debug_ranges  0x00000328       0x50 CMakeFiles/BSP_F410.out.dir/Src/stm32f4xx_it.c.obj
 .debug_ranges  0x00000378       0x18 CMakeFiles/BSP_F410.out.dir/Src/system_stm32f4xx.c.obj
 .debug_ranges  0x00000390       0x20 CMakeFiles/BSP_F410.out.dir/startup_stm32f410rx.s.obj

.debug_line     0x00000000     0x31d5
 .debug_line    0x00000000      0x370 CMakeFiles/BSP_F410.out.dir/Src/usart1.cpp.obj
 .debug_line    0x00000370      0x62b CMakeFiles/BSP_F410.out.dir/Drivers/STM32F4xx_HAL_Driver/Src/stm32f4xx_hal.c.obj
 .debug_line    0x0000099b      0xba1 CMakeFiles/BSP_F410.out.dir/Drivers/STM32F4xx_HAL_Driver/Src/stm32f4xx_hal_rcc.c.obj
 .debug_line    0x0000153c      0x732 CMakeFiles/BSP_F410.out.dir/Drivers/STM32F4xx_HAL_Driver/Src/stm32f4xx_hal_gpio.c.obj
 .debug_line    0x00001c6e      0x834 CMakeFiles/BSP_F410.out.dir/Drivers/STM32F4xx_HAL_Driver/Src/stm32f4xx_hal_cortex.c.obj
 .debug_line    0x000024a2      0x5a7 CMakeFiles/BSP_F410.out.dir/Src/main.c.obj
 .debug_line    0x00002a49      0x215 CMakeFiles/BSP_F410.out.dir/Src/stm32f4xx_hal_msp.c.obj
 .debug_line    0x00002c5e      0x1fa CMakeFiles/BSP_F410.out.dir/Src/stm32f4xx_it.c.obj
 .debug_line    0x00002e58      0x2cf CMakeFiles/BSP_F410.out.dir/Src/system_stm32f4xx.c.obj
 .debug_line    0x00003127       0xae CMakeFiles/BSP_F410.out.dir/startup_stm32f410rx.s.obj

.debug_str      0x00000000     0x1824
 .debug_str     0x00000000      0x347 CMakeFiles/BSP_F410.out.dir/Src/usart1.cpp.obj
                                0x3c6 (size before relaxing)
 .debug_str     0x00000347      0x7ea CMakeFiles/BSP_F410.out.dir/Drivers/STM32F4xx_HAL_Driver/Src/stm32f4xx_hal.c.obj
                                0x9ec (size before relaxing)
 .debug_str     0x00000b31      0x396 CMakeFiles/BSP_F410.out.dir/Drivers/STM32F4xx_HAL_Driver/Src/stm32f4xx_hal_rcc.c.obj
                                0x72b (size before relaxing)
 .debug_str     0x00000ec7      0x19b CMakeFiles/BSP_F410.out.dir/Drivers/STM32F4xx_HAL_Driver/Src/stm32f4xx_hal_gpio.c.obj
                                0x506 (size before relaxing)
 .debug_str     0x00001062      0x4f8 CMakeFiles/BSP_F410.out.dir/Drivers/STM32F4xx_HAL_Driver/Src/stm32f4xx_hal_cortex.c.obj
                                0xadb (size before relaxing)
 .debug_str     0x0000155a       0xc3 CMakeFiles/BSP_F410.out.dir/Src/main.c.obj
                                0x5c1 (size before relaxing)
 .debug_str     0x0000161d       0x50 CMakeFiles/BSP_F410.out.dir/Src/stm32f4xx_hal_msp.c.obj
                                0x2f3 (size before relaxing)
 .debug_str     0x0000166d       0xe1 CMakeFiles/BSP_F410.out.dir/Src/stm32f4xx_it.c.obj
                                0x275 (size before relaxing)
 .debug_str     0x0000174e       0x7a CMakeFiles/BSP_F410.out.dir/Src/system_stm32f4xx.c.obj
                                0x390 (size before relaxing)
 .debug_str     0x000017c8       0x5c CMakeFiles/BSP_F410.out.dir/startup_stm32f410rx.s.obj
                                 0xa6 (size before relaxing)

.comment        0x00000000       0x49
 .comment       0x00000000       0x49 CMakeFiles/BSP_F410.out.dir/Src/usart1.cpp.obj
                                 0x4a (size before relaxing)
 .comment       0x00000049       0x4a CMakeFiles/BSP_F410.out.dir/Drivers/STM32F4xx_HAL_Driver/Src/stm32f4xx_hal.c.obj
 .comment       0x00000049       0x4a CMakeFiles/BSP_F410.out.dir/Drivers/STM32F4xx_HAL_Driver/Src/stm32f4xx_hal_rcc.c.obj
 .comment       0x00000049       0x4a CMakeFiles/BSP_F410.out.dir/Drivers/STM32F4xx_HAL_Driver/Src/stm32f4xx_hal_gpio.c.obj
 .comment       0x00000049       0x4a CMakeFiles/BSP_F410.out.dir/Drivers/STM32F4xx_HAL_Driver/Src/stm32f4xx_hal_cortex.c.obj
 .comment       0x00000049       0x4a CMakeFiles/BSP_F410.out.dir/Src/main.c.obj
 .comment       0x00000049       0x4a CMakeFiles/BSP_F410.out.dir/Src/stm32f4xx_hal_msp.c.obj
 .comment       0x00000049       0x4a CMakeFiles/BSP_F410.out.dir/Src/stm32f4xx_it.c.obj
 .comment       0x00000049       0x4a CMakeFiles/BSP_F410.out.dir/Src/system_stm32f4xx.c.obj

.debug_frame    0x00000000      0x824
 .debug_frame   0x00000000       0x5c CMakeFiles/BSP_F410.out.dir/Src/usart1.cpp.obj
 .debug_frame   0x0000005c      0x1ec CMakeFiles/BSP_F410.out.dir/Drivers/STM32F4xx_HAL_Driver/Src/stm32f4xx_hal.c.obj
 .debug_frame   0x00000248      0x16c CMakeFiles/BSP_F410.out.dir/Drivers/STM32F4xx_HAL_Driver/Src/stm32f4xx_hal_rcc.c.obj
 .debug_frame   0x000003b4       0xd8 CMakeFiles/BSP_F410.out.dir/Drivers/STM32F4xx_HAL_Driver/Src/stm32f4xx_hal_gpio.c.obj
 .debug_frame   0x0000048c      0x148 CMakeFiles/BSP_F410.out.dir/Drivers/STM32F4xx_HAL_Driver/Src/stm32f4xx_hal_cortex.c.obj
 .debug_frame   0x000005d4       0x80 CMakeFiles/BSP_F410.out.dir/Src/main.c.obj
 .debug_frame   0x00000654       0x2c CMakeFiles/BSP_F410.out.dir/Src/stm32f4xx_hal_msp.c.obj
 .debug_frame   0x00000680       0xa8 CMakeFiles/BSP_F410.out.dir/Src/stm32f4xx_it.c.obj
 .debug_frame   0x00000728       0x30 CMakeFiles/BSP_F410.out.dir/Src/system_stm32f4xx.c.obj
 .debug_frame   0x00000758       0x2c c:/progra~2/gnuarm~1/102021~1.07/bin/../lib/gcc/arm-none-eabi/10.3.1/../../../../arm-none-eabi/lib/thumb/v7e-m+fp/hard\libc_nano.a(lib_a-init.o)
 .debug_frame   0x00000784       0x20 c:/progra~2/gnuarm~1/102021~1.07/bin/../lib/gcc/arm-none-eabi/10.3.1/../../../../arm-none-eabi/lib/thumb/v7e-m+fp/hard\libc_nano.a(lib_a-memset.o)
 .debug_frame   0x000007a4       0x20 c:/progra~2/gnuarm~1/102021~1.07/bin/../lib/gcc/arm-none-eabi/10.3.1/../../../../arm-none-eabi/lib/thumb/v7e-m+fp/hard\libc_nano.a(lib_a-strcmp.o)
 .debug_frame   0x000007c4       0x2c c:/progra~2/gnuarm~1/102021~1.07/bin/../lib/gcc/arm-none-eabi/10.3.1/thumb/v7e-m+fp/hard\libgcc.a(_aeabi_uldivmod.o)
 .debug_frame   0x000007f0       0x34 c:/progra~2/gnuarm~1/102021~1.07/bin/../lib/gcc/arm-none-eabi/10.3.1/thumb/v7e-m+fp/hard\libgcc.a(_udivmoddi4.o)

Cross Reference Table

Symbol                                            File
ADC_IRQHandler                                    CMakeFiles/BSP_F410.out.dir/startup_stm32f410rx.s.obj
AHBPrescTable                                     CMakeFiles/BSP_F410.out.dir/Src/system_stm32f4xx.c.obj
                                                  CMakeFiles/BSP_F410.out.dir/Drivers/STM32F4xx_HAL_Driver/Src/stm32f4xx_hal_rcc.c.obj
APBPrescTable                                     CMakeFiles/BSP_F410.out.dir/Src/system_stm32f4xx.c.obj
                                                  CMakeFiles/BSP_F410.out.dir/Drivers/STM32F4xx_HAL_Driver/Src/stm32f4xx_hal_rcc.c.obj
BusFault_Handler                                  CMakeFiles/BSP_F410.out.dir/Src/stm32f4xx_it.c.obj
DMA1_Stream0_IRQHandler                           CMakeFiles/BSP_F410.out.dir/startup_stm32f410rx.s.obj
DMA1_Stream1_IRQHandler                           CMakeFiles/BSP_F410.out.dir/startup_stm32f410rx.s.obj
DMA1_Stream2_IRQHandler                           CMakeFiles/BSP_F410.out.dir/startup_stm32f410rx.s.obj
DMA1_Stream3_IRQHandler                           CMakeFiles/BSP_F410.out.dir/startup_stm32f410rx.s.obj
DMA1_Stream4_IRQHandler                           CMakeFiles/BSP_F410.out.dir/startup_stm32f410rx.s.obj
DMA1_Stream5_IRQHandler                           CMakeFiles/BSP_F410.out.dir/startup_stm32f410rx.s.obj
DMA1_Stream6_IRQHandler                           CMakeFiles/BSP_F410.out.dir/startup_stm32f410rx.s.obj
DMA1_Stream7_IRQHandler                           CMakeFiles/BSP_F410.out.dir/startup_stm32f410rx.s.obj
DMA2_Stream0_IRQHandler                           CMakeFiles/BSP_F410.out.dir/startup_stm32f410rx.s.obj
DMA2_Stream1_IRQHandler                           CMakeFiles/BSP_F410.out.dir/startup_stm32f410rx.s.obj
DMA2_Stream2_IRQHandler                           CMakeFiles/BSP_F410.out.dir/startup_stm32f410rx.s.obj
DMA2_Stream3_IRQHandler                           CMakeFiles/BSP_F410.out.dir/startup_stm32f410rx.s.obj
DMA2_Stream4_IRQHandler                           CMakeFiles/BSP_F410.out.dir/startup_stm32f410rx.s.obj
DMA2_Stream5_IRQHandler                           CMakeFiles/BSP_F410.out.dir/startup_stm32f410rx.s.obj
DMA2_Stream6_IRQHandler                           CMakeFiles/BSP_F410.out.dir/startup_stm32f410rx.s.obj
DMA2_Stream7_IRQHandler                           CMakeFiles/BSP_F410.out.dir/startup_stm32f410rx.s.obj
DebugMon_Handler                                  CMakeFiles/BSP_F410.out.dir/Src/stm32f4xx_it.c.obj
Default_Handler                                   CMakeFiles/BSP_F410.out.dir/startup_stm32f410rx.s.obj
EXTI0_IRQHandler                                  CMakeFiles/BSP_F410.out.dir/startup_stm32f410rx.s.obj
EXTI15_10_IRQHandler                              CMakeFiles/BSP_F410.out.dir/startup_stm32f410rx.s.obj
EXTI1_IRQHandler                                  CMakeFiles/BSP_F410.out.dir/startup_stm32f410rx.s.obj
EXTI2_IRQHandler                                  CMakeFiles/BSP_F410.out.dir/startup_stm32f410rx.s.obj
EXTI3_IRQHandler                                  CMakeFiles/BSP_F410.out.dir/startup_stm32f410rx.s.obj
EXTI4_IRQHandler                                  CMakeFiles/BSP_F410.out.dir/startup_stm32f410rx.s.obj
EXTI9_5_IRQHandler                                CMakeFiles/BSP_F410.out.dir/startup_stm32f410rx.s.obj
Error_Handler                                     CMakeFiles/BSP_F410.out.dir/Src/main.c.obj
FLASH_Erase_Sector                                CMakeFiles/BSP_F410.out.dir/Drivers/STM32F4xx_HAL_Driver/Src/stm32f4xx_hal_flash.c.obj
FLASH_FlushCaches                                 CMakeFiles/BSP_F410.out.dir/Drivers/STM32F4xx_HAL_Driver/Src/stm32f4xx_hal_flash.c.obj
FLASH_IRQHandler                                  CMakeFiles/BSP_F410.out.dir/startup_stm32f410rx.s.obj
FLASH_WaitForLastOperation                        CMakeFiles/BSP_F410.out.dir/Drivers/STM32F4xx_HAL_Driver/Src/stm32f4xx_hal_flash.c.obj
FMPI2C1_ER_IRQHandler                             CMakeFiles/BSP_F410.out.dir/startup_stm32f410rx.s.obj
FMPI2C1_EV_IRQHandler                             CMakeFiles/BSP_F410.out.dir/startup_stm32f410rx.s.obj
FPU_IRQHandler                                    CMakeFiles/BSP_F410.out.dir/startup_stm32f410rx.s.obj
HAL_DBGMCU_DisableDBGSleepMode                    CMakeFiles/BSP_F410.out.dir/Drivers/STM32F4xx_HAL_Driver/Src/stm32f4xx_hal.c.obj
HAL_DBGMCU_DisableDBGStandbyMode                  CMakeFiles/BSP_F410.out.dir/Drivers/STM32F4xx_HAL_Driver/Src/stm32f4xx_hal.c.obj
HAL_DBGMCU_DisableDBGStopMode                     CMakeFiles/BSP_F410.out.dir/Drivers/STM32F4xx_HAL_Driver/Src/stm32f4xx_hal.c.obj
HAL_DBGMCU_EnableDBGSleepMode                     CMakeFiles/BSP_F410.out.dir/Drivers/STM32F4xx_HAL_Driver/Src/stm32f4xx_hal.c.obj
HAL_DBGMCU_EnableDBGStandbyMode                   CMakeFiles/BSP_F410.out.dir/Drivers/STM32F4xx_HAL_Driver/Src/stm32f4xx_hal.c.obj
HAL_DBGMCU_EnableDBGStopMode                      CMakeFiles/BSP_F410.out.dir/Drivers/STM32F4xx_HAL_Driver/Src/stm32f4xx_hal.c.obj
HAL_DMA_Abort                                     CMakeFiles/BSP_F410.out.dir/Drivers/STM32F4xx_HAL_Driver/Src/stm32f4xx_hal_dma.c.obj
HAL_DMA_Abort_IT                                  CMakeFiles/BSP_F410.out.dir/Drivers/STM32F4xx_HAL_Driver/Src/stm32f4xx_hal_dma.c.obj
HAL_DMA_DeInit                                    CMakeFiles/BSP_F410.out.dir/Drivers/STM32F4xx_HAL_Driver/Src/stm32f4xx_hal_dma.c.obj
HAL_DMA_GetError                                  CMakeFiles/BSP_F410.out.dir/Drivers/STM32F4xx_HAL_Driver/Src/stm32f4xx_hal_dma.c.obj
HAL_DMA_GetState                                  CMakeFiles/BSP_F410.out.dir/Drivers/STM32F4xx_HAL_Driver/Src/stm32f4xx_hal_dma.c.obj
HAL_DMA_IRQHandler                                CMakeFiles/BSP_F410.out.dir/Drivers/STM32F4xx_HAL_Driver/Src/stm32f4xx_hal_dma.c.obj
HAL_DMA_Init                                      CMakeFiles/BSP_F410.out.dir/Drivers/STM32F4xx_HAL_Driver/Src/stm32f4xx_hal_dma.c.obj
HAL_DMA_PollForTransfer                           CMakeFiles/BSP_F410.out.dir/Drivers/STM32F4xx_HAL_Driver/Src/stm32f4xx_hal_dma.c.obj
HAL_DMA_RegisterCallback                          CMakeFiles/BSP_F410.out.dir/Drivers/STM32F4xx_HAL_Driver/Src/stm32f4xx_hal_dma.c.obj
HAL_DMA_Start                                     CMakeFiles/BSP_F410.out.dir/Drivers/STM32F4xx_HAL_Driver/Src/stm32f4xx_hal_dma.c.obj
HAL_DMA_Start_IT                                  CMakeFiles/BSP_F410.out.dir/Drivers/STM32F4xx_HAL_Driver/Src/stm32f4xx_hal_dma.c.obj
HAL_DMA_UnRegisterCallback                        CMakeFiles/BSP_F410.out.dir/Drivers/STM32F4xx_HAL_Driver/Src/stm32f4xx_hal_dma.c.obj
HAL_DeInit                                        CMakeFiles/BSP_F410.out.dir/Drivers/STM32F4xx_HAL_Driver/Src/stm32f4xx_hal.c.obj
HAL_Delay                                         CMakeFiles/BSP_F410.out.dir/Drivers/STM32F4xx_HAL_Driver/Src/stm32f4xx_hal.c.obj
HAL_DisableCompensationCell                       CMakeFiles/BSP_F410.out.dir/Drivers/STM32F4xx_HAL_Driver/Src/stm32f4xx_hal.c.obj
HAL_EXTI_ClearConfigLine                          CMakeFiles/BSP_F410.out.dir/Drivers/STM32F4xx_HAL_Driver/Src/stm32f4xx_hal_exti.c.obj
HAL_EXTI_ClearPending                             CMakeFiles/BSP_F410.out.dir/Drivers/STM32F4xx_HAL_Driver/Src/stm32f4xx_hal_exti.c.obj
HAL_EXTI_GenerateSWI                              CMakeFiles/BSP_F410.out.dir/Drivers/STM32F4xx_HAL_Driver/Src/stm32f4xx_hal_exti.c.obj
HAL_EXTI_GetConfigLine                            CMakeFiles/BSP_F410.out.dir/Drivers/STM32F4xx_HAL_Driver/Src/stm32f4xx_hal_exti.c.obj
HAL_EXTI_GetHandle                                CMakeFiles/BSP_F410.out.dir/Drivers/STM32F4xx_HAL_Driver/Src/stm32f4xx_hal_exti.c.obj
HAL_EXTI_GetPending                               CMakeFiles/BSP_F410.out.dir/Drivers/STM32F4xx_HAL_Driver/Src/stm32f4xx_hal_exti.c.obj
HAL_EXTI_IRQHandler                               CMakeFiles/BSP_F410.out.dir/Drivers/STM32F4xx_HAL_Driver/Src/stm32f4xx_hal_exti.c.obj
HAL_EXTI_RegisterCallback                         CMakeFiles/BSP_F410.out.dir/Drivers/STM32F4xx_HAL_Driver/Src/stm32f4xx_hal_exti.c.obj
HAL_EXTI_SetConfigLine                            CMakeFiles/BSP_F410.out.dir/Drivers/STM32F4xx_HAL_Driver/Src/stm32f4xx_hal_exti.c.obj
HAL_EnableCompensationCell                        CMakeFiles/BSP_F410.out.dir/Drivers/STM32F4xx_HAL_Driver/Src/stm32f4xx_hal.c.obj
HAL_FLASH_EndOfOperationCallback                  CMakeFiles/BSP_F410.out.dir/Drivers/STM32F4xx_HAL_Driver/Src/stm32f4xx_hal_flash.c.obj
HAL_FLASH_GetError                                CMakeFiles/BSP_F410.out.dir/Drivers/STM32F4xx_HAL_Driver/Src/stm32f4xx_hal_flash.c.obj
HAL_FLASH_IRQHandler                              CMakeFiles/BSP_F410.out.dir/Drivers/STM32F4xx_HAL_Driver/Src/stm32f4xx_hal_flash.c.obj
HAL_FLASH_Lock                                    CMakeFiles/BSP_F410.out.dir/Drivers/STM32F4xx_HAL_Driver/Src/stm32f4xx_hal_flash.c.obj
HAL_FLASH_OB_Launch                               CMakeFiles/BSP_F410.out.dir/Drivers/STM32F4xx_HAL_Driver/Src/stm32f4xx_hal_flash.c.obj
HAL_FLASH_OB_Lock                                 CMakeFiles/BSP_F410.out.dir/Drivers/STM32F4xx_HAL_Driver/Src/stm32f4xx_hal_flash.c.obj
HAL_FLASH_OB_Unlock                               CMakeFiles/BSP_F410.out.dir/Drivers/STM32F4xx_HAL_Driver/Src/stm32f4xx_hal_flash.c.obj
HAL_FLASH_OperationErrorCallback                  CMakeFiles/BSP_F410.out.dir/Drivers/STM32F4xx_HAL_Driver/Src/stm32f4xx_hal_flash.c.obj
HAL_FLASH_Program                                 CMakeFiles/BSP_F410.out.dir/Drivers/STM32F4xx_HAL_Driver/Src/stm32f4xx_hal_flash.c.obj
HAL_FLASH_Program_IT                              CMakeFiles/BSP_F410.out.dir/Drivers/STM32F4xx_HAL_Driver/Src/stm32f4xx_hal_flash.c.obj
HAL_FLASH_Unlock                                  CMakeFiles/BSP_F410.out.dir/Drivers/STM32F4xx_HAL_Driver/Src/stm32f4xx_hal_flash.c.obj
HAL_GPIO_DeInit                                   CMakeFiles/BSP_F410.out.dir/Drivers/STM32F4xx_HAL_Driver/Src/stm32f4xx_hal_gpio.c.obj
HAL_GPIO_EXTI_Callback                            CMakeFiles/BSP_F410.out.dir/Drivers/STM32F4xx_HAL_Driver/Src/stm32f4xx_hal_gpio.c.obj
HAL_GPIO_EXTI_IRQHandler                          CMakeFiles/BSP_F410.out.dir/Drivers/STM32F4xx_HAL_Driver/Src/stm32f4xx_hal_gpio.c.obj
HAL_GPIO_Init                                     CMakeFiles/BSP_F410.out.dir/Drivers/STM32F4xx_HAL_Driver/Src/stm32f4xx_hal_gpio.c.obj
                                                  CMakeFiles/BSP_F410.out.dir/Src/main.c.obj
                                                  CMakeFiles/BSP_F410.out.dir/Drivers/STM32F4xx_HAL_Driver/Src/stm32f4xx_hal_rcc.c.obj
HAL_GPIO_LockPin                                  CMakeFiles/BSP_F410.out.dir/Drivers/STM32F4xx_HAL_Driver/Src/stm32f4xx_hal_gpio.c.obj
HAL_GPIO_ReadPin                                  CMakeFiles/BSP_F410.out.dir/Drivers/STM32F4xx_HAL_Driver/Src/stm32f4xx_hal_gpio.c.obj
HAL_GPIO_TogglePin                                CMakeFiles/BSP_F410.out.dir/Drivers/STM32F4xx_HAL_Driver/Src/stm32f4xx_hal_gpio.c.obj
HAL_GPIO_WritePin                                 CMakeFiles/BSP_F410.out.dir/Drivers/STM32F4xx_HAL_Driver/Src/stm32f4xx_hal_gpio.c.obj
                                                  CMakeFiles/BSP_F410.out.dir/Src/main.c.obj
HAL_GetDEVID                                      CMakeFiles/BSP_F410.out.dir/Drivers/STM32F4xx_HAL_Driver/Src/stm32f4xx_hal.c.obj
HAL_GetHalVersion                                 CMakeFiles/BSP_F410.out.dir/Drivers/STM32F4xx_HAL_Driver/Src/stm32f4xx_hal.c.obj
HAL_GetREVID                                      CMakeFiles/BSP_F410.out.dir/Drivers/STM32F4xx_HAL_Driver/Src/stm32f4xx_hal.c.obj
HAL_GetTick                                       CMakeFiles/BSP_F410.out.dir/Drivers/STM32F4xx_HAL_Driver/Src/stm32f4xx_hal.c.obj
                                                  CMakeFiles/BSP_F410.out.dir/Drivers/STM32F4xx_HAL_Driver/Src/stm32f4xx_hal_flash.c.obj
                                                  CMakeFiles/BSP_F410.out.dir/Drivers/STM32F4xx_HAL_Driver/Src/stm32f4xx_hal_dma.c.obj
                                                  CMakeFiles/BSP_F410.out.dir/Drivers/STM32F4xx_HAL_Driver/Src/stm32f4xx_hal_rcc.c.obj
HAL_GetTickFreq                                   CMakeFiles/BSP_F410.out.dir/Drivers/STM32F4xx_HAL_Driver/Src/stm32f4xx_hal.c.obj
HAL_GetTickPrio                                   CMakeFiles/BSP_F410.out.dir/Drivers/STM32F4xx_HAL_Driver/Src/stm32f4xx_hal.c.obj
HAL_GetUIDw0                                      CMakeFiles/BSP_F410.out.dir/Drivers/STM32F4xx_HAL_Driver/Src/stm32f4xx_hal.c.obj
HAL_GetUIDw1                                      CMakeFiles/BSP_F410.out.dir/Drivers/STM32F4xx_HAL_Driver/Src/stm32f4xx_hal.c.obj
HAL_GetUIDw2                                      CMakeFiles/BSP_F410.out.dir/Drivers/STM32F4xx_HAL_Driver/Src/stm32f4xx_hal.c.obj
HAL_IncTick                                       CMakeFiles/BSP_F410.out.dir/Drivers/STM32F4xx_HAL_Driver/Src/stm32f4xx_hal.c.obj
                                                  CMakeFiles/BSP_F410.out.dir/Src/stm32f4xx_it.c.obj
HAL_Init                                          CMakeFiles/BSP_F410.out.dir/Drivers/STM32F4xx_HAL_Driver/Src/stm32f4xx_hal.c.obj
                                                  CMakeFiles/BSP_F410.out.dir/Src/main.c.obj
HAL_InitTick                                      CMakeFiles/BSP_F410.out.dir/Drivers/STM32F4xx_HAL_Driver/Src/stm32f4xx_hal.c.obj
                                                  CMakeFiles/BSP_F410.out.dir/Drivers/STM32F4xx_HAL_Driver/Src/stm32f4xx_hal_rcc.c.obj
HAL_MPU_ConfigRegion                              CMakeFiles/BSP_F410.out.dir/Drivers/STM32F4xx_HAL_Driver/Src/stm32f4xx_hal_cortex.c.obj
HAL_MPU_Disable                                   CMakeFiles/BSP_F410.out.dir/Drivers/STM32F4xx_HAL_Driver/Src/stm32f4xx_hal_cortex.c.obj
HAL_MPU_Enable                                    CMakeFiles/BSP_F410.out.dir/Drivers/STM32F4xx_HAL_Driver/Src/stm32f4xx_hal_cortex.c.obj
HAL_MspDeInit                                     CMakeFiles/BSP_F410.out.dir/Drivers/STM32F4xx_HAL_Driver/Src/stm32f4xx_hal.c.obj
HAL_MspInit                                       CMakeFiles/BSP_F410.out.dir/Src/stm32f4xx_hal_msp.c.obj
                                                  CMakeFiles/BSP_F410.out.dir/Drivers/STM32F4xx_HAL_Driver/Src/stm32f4xx_hal.c.obj
HAL_NVIC_ClearPendingIRQ                          CMakeFiles/BSP_F410.out.dir/Drivers/STM32F4xx_HAL_Driver/Src/stm32f4xx_hal_cortex.c.obj
HAL_NVIC_DisableIRQ                               CMakeFiles/BSP_F410.out.dir/Drivers/STM32F4xx_HAL_Driver/Src/stm32f4xx_hal_cortex.c.obj
HAL_NVIC_EnableIRQ                                CMakeFiles/BSP_F410.out.dir/Drivers/STM32F4xx_HAL_Driver/Src/stm32f4xx_hal_cortex.c.obj
HAL_NVIC_GetActive                                CMakeFiles/BSP_F410.out.dir/Drivers/STM32F4xx_HAL_Driver/Src/stm32f4xx_hal_cortex.c.obj
HAL_NVIC_GetPendingIRQ                            CMakeFiles/BSP_F410.out.dir/Drivers/STM32F4xx_HAL_Driver/Src/stm32f4xx_hal_cortex.c.obj
HAL_NVIC_GetPriority                              CMakeFiles/BSP_F410.out.dir/Drivers/STM32F4xx_HAL_Driver/Src/stm32f4xx_hal_cortex.c.obj
HAL_NVIC_GetPriorityGrouping                      CMakeFiles/BSP_F410.out.dir/Drivers/STM32F4xx_HAL_Driver/Src/stm32f4xx_hal_cortex.c.obj
HAL_NVIC_SetPendingIRQ                            CMakeFiles/BSP_F410.out.dir/Drivers/STM32F4xx_HAL_Driver/Src/stm32f4xx_hal_cortex.c.obj
HAL_NVIC_SetPriority                              CMakeFiles/BSP_F410.out.dir/Drivers/STM32F4xx_HAL_Driver/Src/stm32f4xx_hal_cortex.c.obj
                                                  CMakeFiles/BSP_F410.out.dir/Drivers/STM32F4xx_HAL_Driver/Src/stm32f4xx_hal.c.obj
HAL_NVIC_SetPriorityGrouping                      CMakeFiles/BSP_F410.out.dir/Drivers/STM32F4xx_HAL_Driver/Src/stm32f4xx_hal_cortex.c.obj
                                                  CMakeFiles/BSP_F410.out.dir/Src/stm32f4xx_hal_msp.c.obj
                                                  CMakeFiles/BSP_F410.out.dir/Drivers/STM32F4xx_HAL_Driver/Src/stm32f4xx_hal.c.obj
HAL_NVIC_SystemReset                              CMakeFiles/BSP_F410.out.dir/Drivers/STM32F4xx_HAL_Driver/Src/stm32f4xx_hal_cortex.c.obj
HAL_PWR_ConfigPVD                                 CMakeFiles/BSP_F410.out.dir/Drivers/STM32F4xx_HAL_Driver/Src/stm32f4xx_hal_pwr.c.obj
HAL_PWR_DeInit                                    CMakeFiles/BSP_F410.out.dir/Drivers/STM32F4xx_HAL_Driver/Src/stm32f4xx_hal_pwr.c.obj
HAL_PWR_DisableBkUpAccess                         CMakeFiles/BSP_F410.out.dir/Drivers/STM32F4xx_HAL_Driver/Src/stm32f4xx_hal_pwr.c.obj
HAL_PWR_DisablePVD                                CMakeFiles/BSP_F410.out.dir/Drivers/STM32F4xx_HAL_Driver/Src/stm32f4xx_hal_pwr.c.obj
HAL_PWR_DisableSEVOnPend                          CMakeFiles/BSP_F410.out.dir/Drivers/STM32F4xx_HAL_Driver/Src/stm32f4xx_hal_pwr.c.obj
HAL_PWR_DisableSleepOnExit                        CMakeFiles/BSP_F410.out.dir/Drivers/STM32F4xx_HAL_Driver/Src/stm32f4xx_hal_pwr.c.obj
HAL_PWR_DisableWakeUpPin                          CMakeFiles/BSP_F410.out.dir/Drivers/STM32F4xx_HAL_Driver/Src/stm32f4xx_hal_pwr.c.obj
HAL_PWR_EnableBkUpAccess                          CMakeFiles/BSP_F410.out.dir/Drivers/STM32F4xx_HAL_Driver/Src/stm32f4xx_hal_pwr.c.obj
HAL_PWR_EnablePVD                                 CMakeFiles/BSP_F410.out.dir/Drivers/STM32F4xx_HAL_Driver/Src/stm32f4xx_hal_pwr.c.obj
HAL_PWR_EnableSEVOnPend                           CMakeFiles/BSP_F410.out.dir/Drivers/STM32F4xx_HAL_Driver/Src/stm32f4xx_hal_pwr.c.obj
HAL_PWR_EnableSleepOnExit                         CMakeFiles/BSP_F410.out.dir/Drivers/STM32F4xx_HAL_Driver/Src/stm32f4xx_hal_pwr.c.obj
HAL_PWR_EnableWakeUpPin                           CMakeFiles/BSP_F410.out.dir/Drivers/STM32F4xx_HAL_Driver/Src/stm32f4xx_hal_pwr.c.obj
HAL_PWR_EnterSLEEPMode                            CMakeFiles/BSP_F410.out.dir/Drivers/STM32F4xx_HAL_Driver/Src/stm32f4xx_hal_pwr.c.obj
HAL_PWR_EnterSTANDBYMode                          CMakeFiles/BSP_F410.out.dir/Drivers/STM32F4xx_HAL_Driver/Src/stm32f4xx_hal_pwr.c.obj
HAL_PWR_EnterSTOPMode                             CMakeFiles/BSP_F410.out.dir/Drivers/STM32F4xx_HAL_Driver/Src/stm32f4xx_hal_pwr.c.obj
HAL_PWR_PVDCallback                               CMakeFiles/BSP_F410.out.dir/Drivers/STM32F4xx_HAL_Driver/Src/stm32f4xx_hal_pwr.c.obj
HAL_PWR_PVD_IRQHandler                            CMakeFiles/BSP_F410.out.dir/Drivers/STM32F4xx_HAL_Driver/Src/stm32f4xx_hal_pwr.c.obj
HAL_RCC_CSSCallback                               CMakeFiles/BSP_F410.out.dir/Drivers/STM32F4xx_HAL_Driver/Src/stm32f4xx_hal_rcc.c.obj
HAL_RCC_ClockConfig                               CMakeFiles/BSP_F410.out.dir/Drivers/STM32F4xx_HAL_Driver/Src/stm32f4xx_hal_rcc.c.obj
                                                  CMakeFiles/BSP_F410.out.dir/Src/main.c.obj
HAL_RCC_DeInit                                    CMakeFiles/BSP_F410.out.dir/Drivers/STM32F4xx_HAL_Driver/Src/stm32f4xx_hal_rcc.c.obj
HAL_RCC_DisableCSS                                CMakeFiles/BSP_F410.out.dir/Drivers/STM32F4xx_HAL_Driver/Src/stm32f4xx_hal_rcc.c.obj
HAL_RCC_EnableCSS                                 CMakeFiles/BSP_F410.out.dir/Drivers/STM32F4xx_HAL_Driver/Src/stm32f4xx_hal_rcc.c.obj
HAL_RCC_GetClockConfig                            CMakeFiles/BSP_F410.out.dir/Drivers/STM32F4xx_HAL_Driver/Src/stm32f4xx_hal_rcc.c.obj
HAL_RCC_GetHCLKFreq                               CMakeFiles/BSP_F410.out.dir/Drivers/STM32F4xx_HAL_Driver/Src/stm32f4xx_hal_rcc.c.obj
HAL_RCC_GetOscConfig                              CMakeFiles/BSP_F410.out.dir/Drivers/STM32F4xx_HAL_Driver/Src/stm32f4xx_hal_rcc.c.obj
HAL_RCC_GetPCLK1Freq                              CMakeFiles/BSP_F410.out.dir/Drivers/STM32F4xx_HAL_Driver/Src/stm32f4xx_hal_rcc.c.obj
HAL_RCC_GetPCLK2Freq                              CMakeFiles/BSP_F410.out.dir/Drivers/STM32F4xx_HAL_Driver/Src/stm32f4xx_hal_rcc.c.obj
HAL_RCC_GetSysClockFreq                           CMakeFiles/BSP_F410.out.dir/Drivers/STM32F4xx_HAL_Driver/Src/stm32f4xx_hal_rcc.c.obj
HAL_RCC_MCOConfig                                 CMakeFiles/BSP_F410.out.dir/Drivers/STM32F4xx_HAL_Driver/Src/stm32f4xx_hal_rcc.c.obj
HAL_RCC_NMI_IRQHandler                            CMakeFiles/BSP_F410.out.dir/Drivers/STM32F4xx_HAL_Driver/Src/stm32f4xx_hal_rcc.c.obj
HAL_RCC_OscConfig                                 CMakeFiles/BSP_F410.out.dir/Drivers/STM32F4xx_HAL_Driver/Src/stm32f4xx_hal_rcc.c.obj
                                                  CMakeFiles/BSP_F410.out.dir/Src/main.c.obj
HAL_ResumeTick                                    CMakeFiles/BSP_F410.out.dir/Drivers/STM32F4xx_HAL_Driver/Src/stm32f4xx_hal.c.obj
HAL_SYSTICK_CLKSourceConfig                       CMakeFiles/BSP_F410.out.dir/Drivers/STM32F4xx_HAL_Driver/Src/stm32f4xx_hal_cortex.c.obj
HAL_SYSTICK_Callback                              CMakeFiles/BSP_F410.out.dir/Drivers/STM32F4xx_HAL_Driver/Src/stm32f4xx_hal_cortex.c.obj
HAL_SYSTICK_Config                                CMakeFiles/BSP_F410.out.dir/Drivers/STM32F4xx_HAL_Driver/Src/stm32f4xx_hal_cortex.c.obj
                                                  CMakeFiles/BSP_F410.out.dir/Drivers/STM32F4xx_HAL_Driver/Src/stm32f4xx_hal.c.obj
HAL_SYSTICK_IRQHandler                            CMakeFiles/BSP_F410.out.dir/Drivers/STM32F4xx_HAL_Driver/Src/stm32f4xx_hal_cortex.c.obj
HAL_SetTickFreq                                   CMakeFiles/BSP_F410.out.dir/Drivers/STM32F4xx_HAL_Driver/Src/stm32f4xx_hal.c.obj
HAL_SuspendTick                                   CMakeFiles/BSP_F410.out.dir/Drivers/STM32F4xx_HAL_Driver/Src/stm32f4xx_hal.c.obj
HardFault_Handler                                 CMakeFiles/BSP_F410.out.dir/Src/stm32f4xx_it.c.obj
I2C1_ER_IRQHandler                                CMakeFiles/BSP_F410.out.dir/startup_stm32f410rx.s.obj
I2C1_EV_IRQHandler                                CMakeFiles/BSP_F410.out.dir/startup_stm32f410rx.s.obj
I2C2_ER_IRQHandler                                CMakeFiles/BSP_F410.out.dir/startup_stm32f410rx.s.obj
I2C2_EV_IRQHandler                                CMakeFiles/BSP_F410.out.dir/startup_stm32f410rx.s.obj
LPTIM1_IRQHandler                                 CMakeFiles/BSP_F410.out.dir/startup_stm32f410rx.s.obj
MemManage_Handler                                 CMakeFiles/BSP_F410.out.dir/Src/stm32f4xx_it.c.obj
NMI_Handler                                       CMakeFiles/BSP_F410.out.dir/Src/stm32f4xx_it.c.obj
PVD_IRQHandler                                    CMakeFiles/BSP_F410.out.dir/startup_stm32f410rx.s.obj
PendSV_Handler                                    CMakeFiles/BSP_F410.out.dir/Src/stm32f4xx_it.c.obj
RCC_IRQHandler                                    CMakeFiles/BSP_F410.out.dir/startup_stm32f410rx.s.obj
RNG_IRQHandler                                    CMakeFiles/BSP_F410.out.dir/startup_stm32f410rx.s.obj
RTC_Alarm_IRQHandler                              CMakeFiles/BSP_F410.out.dir/startup_stm32f410rx.s.obj
RTC_WKUP_IRQHandler                               CMakeFiles/BSP_F410.out.dir/startup_stm32f410rx.s.obj
Reset_Handler                                     CMakeFiles/BSP_F410.out.dir/startup_stm32f410rx.s.obj
SPI1_IRQHandler                                   CMakeFiles/BSP_F410.out.dir/startup_stm32f410rx.s.obj
SPI2_IRQHandler                                   CMakeFiles/BSP_F410.out.dir/startup_stm32f410rx.s.obj
SPI5_IRQHandler                                   CMakeFiles/BSP_F410.out.dir/startup_stm32f410rx.s.obj
SVC_Handler                                       CMakeFiles/BSP_F410.out.dir/Src/stm32f4xx_it.c.obj
SysTick_Handler                                   CMakeFiles/BSP_F410.out.dir/Src/stm32f4xx_it.c.obj
SystemClock_Config                                CMakeFiles/BSP_F410.out.dir/Src/main.c.obj
SystemCoreClock                                   CMakeFiles/BSP_F410.out.dir/Src/system_stm32f4xx.c.obj
                                                  CMakeFiles/BSP_F410.out.dir/Drivers/STM32F4xx_HAL_Driver/Src/stm32f4xx_hal_dma.c.obj
                                                  CMakeFiles/BSP_F410.out.dir/Drivers/STM32F4xx_HAL_Driver/Src/stm32f4xx_hal_rcc.c.obj
                                                  CMakeFiles/BSP_F410.out.dir/Drivers/STM32F4xx_HAL_Driver/Src/stm32f4xx_hal.c.obj
                                                  CMakeFiles/BSP_F410.out.dir/Src/usart1.cpp.obj
SystemCoreClockUpdate                             CMakeFiles/BSP_F410.out.dir/Src/system_stm32f4xx.c.obj
SystemInit                                        CMakeFiles/BSP_F410.out.dir/Src/system_stm32f4xx.c.obj
                                                  CMakeFiles/BSP_F410.out.dir/startup_stm32f410rx.s.obj
TAMP_STAMP_IRQHandler                             CMakeFiles/BSP_F410.out.dir/startup_stm32f410rx.s.obj
TIM1_BRK_TIM9_IRQHandler                          CMakeFiles/BSP_F410.out.dir/startup_stm32f410rx.s.obj
TIM1_CC_IRQHandler                                CMakeFiles/BSP_F410.out.dir/startup_stm32f410rx.s.obj
TIM1_TRG_COM_TIM11_IRQHandler                     CMakeFiles/BSP_F410.out.dir/startup_stm32f410rx.s.obj
TIM1_UP_IRQHandler                                CMakeFiles/BSP_F410.out.dir/startup_stm32f410rx.s.obj
TIM5_IRQHandler                                   CMakeFiles/BSP_F410.out.dir/startup_stm32f410rx.s.obj
TIM6_DAC_IRQHandler                               CMakeFiles/BSP_F410.out.dir/startup_stm32f410rx.s.obj
USART1_IRQHandler                                 CMakeFiles/BSP_F410.out.dir/startup_stm32f410rx.s.obj
USART2_IRQHandler                                 CMakeFiles/BSP_F410.out.dir/startup_stm32f410rx.s.obj
USART6_IRQHandler                                 CMakeFiles/BSP_F410.out.dir/startup_stm32f410rx.s.obj
UsageFault_Handler                                CMakeFiles/BSP_F410.out.dir/Src/stm32f4xx_it.c.obj
WWDG_IRQHandler                                   CMakeFiles/BSP_F410.out.dir/startup_stm32f410rx.s.obj
__aeabi_idiv0                                     c:/progra~2/gnuarm~1/102021~1.07/bin/../lib/gcc/arm-none-eabi/10.3.1/thumb/v7e-m+fp/hard\libgcc.a(_dvmd_tls.o)
__aeabi_ldiv0                                     c:/progra~2/gnuarm~1/102021~1.07/bin/../lib/gcc/arm-none-eabi/10.3.1/thumb/v7e-m+fp/hard\libgcc.a(_dvmd_tls.o)
                                                  c:/progra~2/gnuarm~1/102021~1.07/bin/../lib/gcc/arm-none-eabi/10.3.1/thumb/v7e-m+fp/hard\libgcc.a(_aeabi_uldivmod.o)
__aeabi_uldivmod                                  c:/progra~2/gnuarm~1/102021~1.07/bin/../lib/gcc/arm-none-eabi/10.3.1/thumb/v7e-m+fp/hard\libgcc.a(_aeabi_uldivmod.o)
                                                  CMakeFiles/BSP_F410.out.dir/Drivers/STM32F4xx_HAL_Driver/Src/stm32f4xx_hal_rcc.c.obj
__bss_end__                                       c:/progra~2/gnuarm~1/102021~1.07/bin/../lib/gcc/arm-none-eabi/10.3.1/../../../../arm-none-eabi/lib/thumb/v7e-m+fp/hard/crt0.o
__bss_start__                                     c:/progra~2/gnuarm~1/102021~1.07/bin/../lib/gcc/arm-none-eabi/10.3.1/../../../../arm-none-eabi/lib/thumb/v7e-m+fp/hard/crt0.o
__call_exitprocs                                  c:/progra~2/gnuarm~1/102021~1.07/bin/../lib/gcc/arm-none-eabi/10.3.1/../../../../arm-none-eabi/lib/thumb/v7e-m+fp/hard\libc_nano.a(lib_a-exit.o)
__deregister_frame_info                           c:/progra~2/gnuarm~1/102021~1.07/bin/../lib/gcc/arm-none-eabi/10.3.1/thumb/v7e-m+fp/hard/crtbegin.o
__dso_handle                                      c:/progra~2/gnuarm~1/102021~1.07/bin/../lib/gcc/arm-none-eabi/10.3.1/thumb/v7e-m+fp/hard/crtbegin.o
__init_array_end                                  c:/progra~2/gnuarm~1/102021~1.07/bin/../lib/gcc/arm-none-eabi/10.3.1/../../../../arm-none-eabi/lib/thumb/v7e-m+fp/hard\libc_nano.a(lib_a-init.o)
__init_array_start                                c:/progra~2/gnuarm~1/102021~1.07/bin/../lib/gcc/arm-none-eabi/10.3.1/../../../../arm-none-eabi/lib/thumb/v7e-m+fp/hard\libc_nano.a(lib_a-init.o)
__libc_fini_array                                 c:/progra~2/gnuarm~1/102021~1.07/bin/../lib/gcc/arm-none-eabi/10.3.1/../../../../arm-none-eabi/lib/thumb/v7e-m+fp/hard/crt0.o
__libc_init_array                                 c:/progra~2/gnuarm~1/102021~1.07/bin/../lib/gcc/arm-none-eabi/10.3.1/../../../../arm-none-eabi/lib/thumb/v7e-m+fp/hard\libc_nano.a(lib_a-init.o)
                                                  CMakeFiles/BSP_F410.out.dir/startup_stm32f410rx.s.obj
                                                  c:/progra~2/gnuarm~1/102021~1.07/bin/../lib/gcc/arm-none-eabi/10.3.1/../../../../arm-none-eabi/lib/thumb/v7e-m+fp/hard/crt0.o
__preinit_array_end                               c:/progra~2/gnuarm~1/102021~1.07/bin/../lib/gcc/arm-none-eabi/10.3.1/../../../../arm-none-eabi/lib/thumb/v7e-m+fp/hard\libc_nano.a(lib_a-init.o)
__preinit_array_start                             c:/progra~2/gnuarm~1/102021~1.07/bin/../lib/gcc/arm-none-eabi/10.3.1/../../../../arm-none-eabi/lib/thumb/v7e-m+fp/hard\libc_nano.a(lib_a-init.o)
__register_frame_info                             c:/progra~2/gnuarm~1/102021~1.07/bin/../lib/gcc/arm-none-eabi/10.3.1/thumb/v7e-m+fp/hard/crtbegin.o
__sf_fake_stderr                                  c:/progra~2/gnuarm~1/102021~1.07/bin/../lib/gcc/arm-none-eabi/10.3.1/../../../../arm-none-eabi/lib/thumb/v7e-m+fp/hard\libc_nano.a(lib_a-impure.o)
__sf_fake_stdin                                   c:/progra~2/gnuarm~1/102021~1.07/bin/../lib/gcc/arm-none-eabi/10.3.1/../../../../arm-none-eabi/lib/thumb/v7e-m+fp/hard\libc_nano.a(lib_a-impure.o)
__sf_fake_stdout                                  c:/progra~2/gnuarm~1/102021~1.07/bin/../lib/gcc/arm-none-eabi/10.3.1/../../../../arm-none-eabi/lib/thumb/v7e-m+fp/hard\libc_nano.a(lib_a-impure.o)
__stack                                           c:/progra~2/gnuarm~1/102021~1.07/bin/../lib/gcc/arm-none-eabi/10.3.1/../../../../arm-none-eabi/lib/thumb/v7e-m+fp/hard/crt0.o
__udivmoddi4                                      c:/progra~2/gnuarm~1/102021~1.07/bin/../lib/gcc/arm-none-eabi/10.3.1/thumb/v7e-m+fp/hard\libgcc.a(_udivmoddi4.o)
                                                  c:/progra~2/gnuarm~1/102021~1.07/bin/../lib/gcc/arm-none-eabi/10.3.1/thumb/v7e-m+fp/hard\libgcc.a(_aeabi_uldivmod.o)
_ebss                                             CMakeFiles/BSP_F410.out.dir/startup_stm32f410rx.s.obj
_edata                                            CMakeFiles/BSP_F410.out.dir/startup_stm32f410rx.s.obj
_estack                                           CMakeFiles/BSP_F410.out.dir/startup_stm32f410rx.s.obj
_exit                                             c:/progra~2/gnuarm~1/102021~1.07/bin/../lib/gcc/arm-none-eabi/10.3.1/../../../../arm-none-eabi/lib/thumb/v7e-m+fp/hard\libc_nano.a(lib_a-exit.o)
_fini                                             c:/progra~2/gnuarm~1/102021~1.07/bin/../lib/gcc/arm-none-eabi/10.3.1/thumb/v7e-m+fp/hard/crti.o
_global_impure_ptr                                c:/progra~2/gnuarm~1/102021~1.07/bin/../lib/gcc/arm-none-eabi/10.3.1/../../../../arm-none-eabi/lib/thumb/v7e-m+fp/hard\libc_nano.a(lib_a-impure.o)
                                                  c:/progra~2/gnuarm~1/102021~1.07/bin/../lib/gcc/arm-none-eabi/10.3.1/../../../../arm-none-eabi/lib/thumb/v7e-m+fp/hard\libc_nano.a(lib_a-exit.o)
_impure_ptr                                       c:/progra~2/gnuarm~1/102021~1.07/bin/../lib/gcc/arm-none-eabi/10.3.1/../../../../arm-none-eabi/lib/thumb/v7e-m+fp/hard\libc_nano.a(lib_a-impure.o)
_init                                             c:/progra~2/gnuarm~1/102021~1.07/bin/../lib/gcc/arm-none-eabi/10.3.1/thumb/v7e-m+fp/hard/crti.o
                                                  c:/progra~2/gnuarm~1/102021~1.07/bin/../lib/gcc/arm-none-eabi/10.3.1/../../../../arm-none-eabi/lib/thumb/v7e-m+fp/hard\libc_nano.a(lib_a-init.o)
_mainCRTStartup                                   c:/progra~2/gnuarm~1/102021~1.07/bin/../lib/gcc/arm-none-eabi/10.3.1/../../../../arm-none-eabi/lib/thumb/v7e-m+fp/hard/crt0.o
_sbss                                             CMakeFiles/BSP_F410.out.dir/startup_stm32f410rx.s.obj
_sdata                                            CMakeFiles/BSP_F410.out.dir/startup_stm32f410rx.s.obj
_sidata                                           CMakeFiles/BSP_F410.out.dir/startup_stm32f410rx.s.obj
_stack_init                                       c:/progra~2/gnuarm~1/102021~1.07/bin/../lib/gcc/arm-none-eabi/10.3.1/../../../../arm-none-eabi/lib/thumb/v7e-m+fp/hard/crt0.o
_start                                            c:/progra~2/gnuarm~1/102021~1.07/bin/../lib/gcc/arm-none-eabi/10.3.1/../../../../arm-none-eabi/lib/thumb/v7e-m+fp/hard/crt0.o
atexit                                            c:/progra~2/gnuarm~1/102021~1.07/bin/../lib/gcc/arm-none-eabi/10.3.1/../../../../arm-none-eabi/lib/thumb/v7e-m+fp/hard/crt0.o
exit                                              c:/progra~2/gnuarm~1/102021~1.07/bin/../lib/gcc/arm-none-eabi/10.3.1/../../../../arm-none-eabi/lib/thumb/v7e-m+fp/hard\libc_nano.a(lib_a-exit.o)
                                                  c:/progra~2/gnuarm~1/102021~1.07/bin/../lib/gcc/arm-none-eabi/10.3.1/../../../../arm-none-eabi/lib/thumb/v7e-m+fp/hard/crt0.o
g_pfnVectors                                      CMakeFiles/BSP_F410.out.dir/startup_stm32f410rx.s.obj
hardware_init_hook                                c:/progra~2/gnuarm~1/102021~1.07/bin/../lib/gcc/arm-none-eabi/10.3.1/../../../../arm-none-eabi/lib/thumb/v7e-m+fp/hard/crt0.o
ledFlag                                           CMakeFiles/BSP_F410.out.dir/Src/main.c.obj
                                                  CMakeFiles/BSP_F410.out.dir/Src/stm32f4xx_it.c.obj
main                                              CMakeFiles/BSP_F410.out.dir/Src/main.c.obj
                                                  CMakeFiles/BSP_F410.out.dir/startup_stm32f410rx.s.obj
                                                  c:/progra~2/gnuarm~1/102021~1.07/bin/../lib/gcc/arm-none-eabi/10.3.1/../../../../arm-none-eabi/lib/thumb/v7e-m+fp/hard/crt0.o
memset                                            c:/progra~2/gnuarm~1/102021~1.07/bin/../lib/gcc/arm-none-eabi/10.3.1/../../../../arm-none-eabi/lib/thumb/v7e-m+fp/hard\libc_nano.a(lib_a-memset.o)
                                                  CMakeFiles/BSP_F410.out.dir/Src/main.c.obj
                                                  c:/progra~2/gnuarm~1/102021~1.07/bin/../lib/gcc/arm-none-eabi/10.3.1/../../../../arm-none-eabi/lib/thumb/v7e-m+fp/hard/crt0.o
pFlash                                            CMakeFiles/BSP_F410.out.dir/Drivers/STM32F4xx_HAL_Driver/Src/stm32f4xx_hal_flash.c.obj
software_init_hook                                c:/progra~2/gnuarm~1/102021~1.07/bin/../lib/gcc/arm-none-eabi/10.3.1/../../../../arm-none-eabi/lib/thumb/v7e-m+fp/hard/crt0.o
strcmp                                            c:/progra~2/gnuarm~1/102021~1.07/bin/../lib/gcc/arm-none-eabi/10.3.1/../../../../arm-none-eabi/lib/thumb/v7e-m+fp/hard\libc_nano.a(lib_a-strcmp.o)
                                                  CMakeFiles/BSP_F410.out.dir/Src/main.c.obj
usartInit                                         CMakeFiles/BSP_F410.out.dir/Src/usart1.cpp.obj
                                                  CMakeFiles/BSP_F410.out.dir/Src/main.c.obj
usartReadString                                   CMakeFiles/BSP_F410.out.dir/Src/usart1.cpp.obj
                                                  CMakeFiles/BSP_F410.out.dir/Src/main.c.obj
usartSend                                         CMakeFiles/BSP_F410.out.dir/Src/usart1.cpp.obj
usartSendString                                   CMakeFiles/BSP_F410.out.dir/Src/usart1.cpp.obj
                                                  CMakeFiles/BSP_F410.out.dir/Src/main.c.obj
uwTick                                            CMakeFiles/BSP_F410.out.dir/Drivers/STM32F4xx_HAL_Driver/Src/stm32f4xx_hal.c.obj
uwTickFreq                                        CMakeFiles/BSP_F410.out.dir/Drivers/STM32F4xx_HAL_Driver/Src/stm32f4xx_hal.c.obj
uwTickPrio                                        CMakeFiles/BSP_F410.out.dir/Drivers/STM32F4xx_HAL_Driver/Src/stm32f4xx_hal.c.obj
                                                  CMakeFiles/BSP_F410.out.dir/Drivers/STM32F4xx_HAL_Driver/Src/stm32f4xx_hal_rcc.c.obj
